// Jest Snapshot v1, https://goo.gl/fbAQLP

exports[`HardwareWalletState Component should call onUpdate handler 1`] = `
<div>
  <div
    class="box mm-banner-base mm-banner-alert mm-banner-alert--severity-warning box--padding-3 box--padding-left-2 box--display-flex box--gap-2 box--flex-direction-row box--background-color-warning-muted box--rounded-sm"
  >
    <span
      class="box mm-icon mm-icon--size-lg box--display-inline-block box--flex-direction-row box--color-warning-default"
      style="mask-image: url('./images/icons/warning.svg');"
    />
    <div>
      <p
        class="box mm-text mm-text--body-md box--flex-direction-row box--color-text-default"
      >
        Cannot connect to Ledger device. Please make sure your device is unlocked and Ethereum app is opened.
      </p>
    </div>
  </div>
</div>
`;

exports[`HardwareWalletState Component should match default snapshot 1`] = `<div />`;

exports[`HardwareWalletState Component should render empty when headless with locked state 1`] = `<div />`;

exports[`HardwareWalletState Component should render empty with unlocked state 1`] = `<div />`;

exports[`HardwareWalletState Component should render message with locked state 1`] = `
<div>
  <div
    class="box mm-banner-base mm-banner-alert mm-banner-alert--severity-warning box--padding-3 box--padding-left-2 box--display-flex box--gap-2 box--flex-direction-row box--background-color-warning-muted box--rounded-sm"
  >
    <span
      class="box mm-icon mm-icon--size-lg box--display-inline-block box--flex-direction-row box--color-warning-default"
      style="mask-image: url('./images/icons/warning.svg');"
    />
    <div>
      <p
        class="box mm-text mm-text--body-md box--flex-direction-row box--color-text-default"
      >
        Cannot connect to Ledger device. Please make sure your device is unlocked and Ethereum app is opened.
      </p>
    </div>
  </div>
</div>
`;
