// Jest Snapshot v1, https://goo.gl/fbAQLP

exports[`NewSnapAccountPage should take a snapshot 1`] = `
<div>
  <div
    class="mm-box snap-account-page"
  >
    <div
      class="mm-box mm-box--margin-top-11 mm-box--margin-bottom-11 mm-box--display-flex mm-box--flex-direction-column mm-box--justify-content-center mm-box--align-items-center"
    >
      <h2
        class="box mm-text mm-text--heading-lg box--flex-direction-row box--color-text-default"
      >
        <span>
           
          Create a 
          <span
            class="box mm-text snap-account-color-text mm-text--heading-lg box--flex-direction-row box--color-text-default"
          >
            Snap
          </span>
           account
           
        </span>
      </h2>
      <p
        class="box mm-text mm-text--body-md box--flex-direction-row box--color-text-alternative"
      >
        Choose how to secure your new account using Snaps.
      </p>
    </div>
    <div
      class="mm-box snap-account-cards mm-box--padding-0 mm-box--sm:padding-10 mm-box--md:padding-0 mm-box--lg:padding-10 mm-box--display-grid mm-box--gap-4 mm-box--flex-wrap-wrap"
    >
      <div
        class="mm-box mm-box--padding-4 mm-box--sm:padding-4 mm-box--md:padding-4 mm-box--lg:padding-4 mm-box--display-flex mm-box--flex-direction-column mm-box--background-color-background-default mm-box--rounded-sm mm-box--border-color-border-muted mm-box--border-width-1 box--border-style-solid"
        data-testid="key-management-snap"
      >
        <div
          class="mm-box mm-box--margin-bottom-2 mm-box--display-flex mm-box--justify-content-space-between mm-box--align-items-center"
        >
          <div
            class="mm-box mm-box--margin-right-1 mm-box--padding-2 mm-box--sm:padding-2 mm-box--md:padding-2 mm-box--lg:padding-2 mm-box--display-flex mm-box--justify-content-center mm-box--align-items-center mm-box--border-color-border-muted mm-box--border-width-1 box--border-style-solid"
            style="border-radius: 50%; height: 32px; width: 32px;"
          >
            <div
              class="mm-box snap-detail-icon mm-box--display-flex mm-box--justify-content-center mm-box--align-items-center"
            >
              <p
                class="box mm-text mm-text--body-md box--flex-direction-row box--color-text-default"
              >
                M
              </p>
            </div>
          </div>
          <button
            class="box mm-text mm-button-base mm-button-base--size-md mm-button-secondary mm-text--body-md box--padding-right-4 box--padding-left-4 box--display-inline-flex box--flex-direction-row box--justify-content-center box--align-items-center box--color-primary-default box--background-color-transparent box--rounded-pill box--border-color-primary-default box--border-style-solid box--border-width-1"
            data-testid="configure-snap-button"
          >
            Configure
          </button>
        </div>
        <p
          class="box mm-text mm-text--body-sm box--margin-bottom-2 box--flex-direction-row box--color-text-alternative"
        >
          Metamask Simple Keyring
        </p>
        <h3
          class="box mm-text mm-text--heading-md box--margin-bottom-auto box--flex-direction-row box--color-text-default"
        >
          Secure your account with MetaMask Mobile
        </h3>
        <div
          class="mm-box mm-box--display-flex mm-box--justify-content-space-between"
        >
          <span
            class="box mm-icon mm-icon--size-md box--margin-left-auto box--display-inline-block box--flex-direction-row box--color-icon-alternative"
            data-testid="to-snap-detail"
            style="mask-image: url('./images/icons/arrow-2-right.svg');"
          />
        </div>
      </div>
      <div
        class="mm-box mm-box--padding-4 mm-box--sm:padding-4 mm-box--md:padding-4 mm-box--lg:padding-4 mm-box--display-flex mm-box--flex-direction-column mm-box--background-color-background-default mm-box--rounded-sm mm-box--border-color-border-muted mm-box--border-width-1 box--border-style-solid"
        data-testid="key-management-snap"
      >
        <div
          class="mm-box mm-box--margin-bottom-2 mm-box--display-flex mm-box--justify-content-space-between mm-box--align-items-center"
        >
          <div
            class="mm-box mm-box--margin-right-1 mm-box--padding-2 mm-box--sm:padding-2 mm-box--md:padding-2 mm-box--lg:padding-2 mm-box--display-flex mm-box--justify-content-center mm-box--align-items-center mm-box--border-color-border-muted mm-box--border-width-1 box--border-style-solid"
            style="border-radius: 50%; height: 32px; width: 32px;"
          >
            <div
              class="mm-box snap-detail-icon mm-box--display-flex mm-box--justify-content-center mm-box--align-items-center"
            >
              <p
                class="box mm-text mm-text--body-md box--flex-direction-row box--color-text-default"
              >
                M
              </p>
            </div>
          </div>
          <button
            class="box mm-text mm-button-base mm-button-base--size-md mm-button-secondary mm-text--body-md box--padding-right-4 box--padding-left-4 box--display-inline-flex box--flex-direction-row box--justify-content-center box--align-items-center box--color-primary-default box--background-color-transparent box--rounded-pill box--border-color-primary-default box--border-style-solid box--border-width-1"
            data-testid="install-snap-button"
          >
            Install
          </button>
        </div>
        <p
          class="box mm-text mm-text--body-sm box--margin-bottom-2 box--flex-direction-row box--color-text-alternative"
        >
          Metamask Account Abstraction Snap
        </p>
        <h3
          class="box mm-text mm-text--heading-md box--margin-bottom-auto box--flex-direction-row box--color-text-default"
        >
          Use account abstraction 4337
        </h3>
        <div
          class="mm-box mm-box--display-flex mm-box--justify-content-space-between"
        >
          <span
            class="box mm-icon mm-icon--size-md box--margin-left-auto box--display-inline-block box--flex-direction-row box--color-icon-alternative"
            data-testid="to-snap-detail"
            style="mask-image: url('./images/icons/arrow-2-right.svg');"
          />
        </div>
      </div>
      <div
        class="mm-box mm-box--padding-4 mm-box--sm:padding-4 mm-box--md:padding-4 mm-box--lg:padding-4 mm-box--display-flex mm-box--flex-direction-column mm-box--background-color-background-default mm-box--rounded-sm mm-box--border-color-border-muted mm-box--border-width-1 box--border-style-solid"
        data-testid="key-management-snap"
      >
        <div
          class="mm-box mm-box--margin-bottom-2 mm-box--display-flex mm-box--justify-content-space-between mm-box--align-items-center"
        >
          <div
            class="mm-box mm-box--margin-right-1 mm-box--padding-2 mm-box--sm:padding-2 mm-box--md:padding-2 mm-box--lg:padding-2 mm-box--display-flex mm-box--justify-content-center mm-box--align-items-center mm-box--border-color-border-muted mm-box--border-width-1 box--border-style-solid"
            style="border-radius: 50%; height: 32px; width: 32px;"
          >
            <div
              class="mm-box snap-detail-icon mm-box--display-flex mm-box--justify-content-center mm-box--align-items-center"
            >
              <p
                class="box mm-text mm-text--body-md box--flex-direction-row box--color-text-default"
              >
                M
              </p>
            </div>
          </div>
          <button
            class="box mm-text mm-button-base mm-button-base--size-md mm-button-secondary mm-text--body-md box--padding-right-4 box--padding-left-4 box--display-inline-flex box--flex-direction-row box--justify-content-center box--align-items-center box--color-primary-default box--background-color-transparent box--rounded-pill box--border-color-primary-default box--border-style-solid box--border-width-1"
            data-testid="install-snap-button"
          >
            Install
          </button>
        </div>
        <p
          class="box mm-text mm-text--body-sm box--margin-bottom-2 box--flex-direction-row box--color-text-alternative"
        >
          Metamask TSS
        </p>
        <h3
          class="box mm-text mm-text--heading-md box--margin-bottom-auto box--flex-direction-row box--color-text-default"
        >
          Secure your account tss
        </h3>
        <div
          class="mm-box mm-box--display-flex mm-box--justify-content-space-between"
        >
          <span
            class="box mm-icon mm-icon--size-md box--margin-left-auto box--display-inline-block box--flex-direction-row box--color-icon-alternative"
            data-testid="to-snap-detail"
            style="mask-image: url('./images/icons/arrow-2-right.svg');"
          />
        </div>
      </div>
      <div
        class="mm-box mm-box--padding-4 mm-box--sm:padding-4 mm-box--md:padding-4 mm-box--lg:padding-4 mm-box--display-flex mm-box--flex-direction-column mm-box--background-color-background-default mm-box--rounded-sm mm-box--border-color-border-muted mm-box--border-width-1 box--border-style-solid"
        data-testid="key-management-snap"
      >
        <div
          class="mm-box mm-box--margin-bottom-2 mm-box--display-flex mm-box--justify-content-space-between mm-box--align-items-center"
        >
          <div
            class="mm-box mm-box--margin-right-1 mm-box--padding-2 mm-box--sm:padding-2 mm-box--md:padding-2 mm-box--lg:padding-2 mm-box--display-flex mm-box--justify-content-center mm-box--align-items-center mm-box--border-color-border-muted mm-box--border-width-1 box--border-style-solid"
            style="border-radius: 50%; height: 32px; width: 32px;"
          >
            <div
              class="mm-box snap-detail-icon mm-box--display-flex mm-box--justify-content-center mm-box--align-items-center"
            >
              <p
                class="box mm-text mm-text--body-md box--flex-direction-row box--color-text-default"
              >
                L
              </p>
            </div>
          </div>
          <button
            class="box mm-text mm-button-base mm-button-base--size-md mm-button-secondary mm-text--body-md box--padding-right-4 box--padding-left-4 box--display-inline-flex box--flex-direction-row box--justify-content-center box--align-items-center box--color-primary-default box--background-color-transparent box--rounded-pill box--border-color-primary-default box--border-style-solid box--border-width-1"
            data-testid="install-snap-button"
          >
            Install
          </button>
        </div>
        <p
          class="box mm-text mm-text--body-sm box--margin-bottom-2 box--flex-direction-row box--color-text-alternative"
        >
          Local Test Simple Keyring
        </p>
        <h3
          class="box mm-text mm-text--heading-md box--margin-bottom-auto box--flex-direction-row box--color-text-default"
        >
          Local version of Simple Keyring Snap
        </h3>
        <div
          class="mm-box mm-box--display-flex mm-box--justify-content-space-between"
        >
          <span
            class="box mm-icon mm-icon--size-md box--margin-left-auto box--display-inline-block box--flex-direction-row box--color-icon-alternative"
            data-testid="to-snap-detail"
            style="mask-image: url('./images/icons/arrow-2-right.svg');"
          />
        </div>
      </div>
    </div>
  </div>
</div>
`;
