// Jest Snapshot v1, https://goo.gl/fbAQLP

exports[`ConfigureSnapPopup should take a snapshot 1`] = `<div />`;
